2026-05-27 18:38:33	HaziHinam	8	/home/user/projects/price-tracker/dumps/HAZIHINAM
2026-05-27 18:38:34	Keshet	44	/home/user/projects/price-tracker/dumps/Keshet
2026-05-27 18:48:17	RamiLevy	1485	/home/user/projects/price-tracker/dumps/RamiLevy
2026-05-27 18:48:17	Osherad	256	/home/user/projects/price-tracker/dumps/OSHERAD
2026-05-27 18:48:26	Yohananof	4	/home/user/projects/price-tracker/dumps/YOHANANOF
2026-05-27 18:56:42	Yohananof	27	/home/user/projects/price-tracker/dumps/YOHANANOF
2026-05-27 18:58:20	Cofix	20	/home/user/projects/price-tracker/dumps/Cofix
2026-05-27 18:58:30	CityMarketShops	3	/home/user/projects/price-tracker/dumps/CityMarketShops
2026-05-27 18:58:30	DorAlon	79	/home/user/projects/price-tracker/dumps/DorAlon
2026-05-27 18:58:58	HaziHinam	2529	/home/user/projects/price-tracker/dumps/HAZIHINAM
2026-05-27 18:59:44	MahsaniAShukNewSource	16900	/home/user/projects/price-tracker/dumps/MahsaniAShuk
2026-05-27 18:59:46	MeshnatYosef1	225	/home/user/projects/price-tracker/dumps/MeshnatYosef1
2026-05-27 18:59:47	MeshnatYosef2	225	/home/user/projects/price-tracker/dumps/MeshnatYosef1
2026-05-27 18:59:47	Polizer	150	/home/user/projects/price-tracker/dumps/Polizer
2026-05-27 18:59:49	SalachDabach	1564	/home/user/projects/price-tracker/dumps/SalachDabach
2026-05-27 18:59:52	StopMarket	97	/home/user/projects/price-tracker/dumps/StopMarket
2026-05-27 19:00:02	SuperYuda	745	/home/user/projects/price-tracker/dumps/SuperYuda
2026-05-27 19:00:11	FreshMarketAndSuperDosh	8489	/home/user/projects/price-tracker/dumps/FreshMarketAndSuperDosh
2026-05-27 19:00:12	TivTaam	13	/home/user/projects/price-tracker/dumps/TIVTAAM
2026-05-27 19:00:35	VictoryNewSource	10203	/home/user/projects/price-tracker/dumps/VictoryNewSource
2026-05-27 19:00:59	Yellow	5	/home/user/projects/price-tracker/dumps/Yellow
2026-05-27 20:21:25	YaynotBitanAndCarrefour	598	/home/user/projects/price-tracker/dumps/YaynotBitanAndCarrefour
2026-05-27 20:21:27	Keshet	33	/home/user/projects/price-tracker/dumps/Keshet
2026-05-27 20:21:37	Yohananof	2	/home/user/projects/price-tracker/dumps/YOHANANOF
