2026-05-27 17:54:16	Shufersal	Price7290027600007-001-001-20260527-020000.xml	143
2026-05-27 17:54:16	Shufersal	Price7290027600007-001-002-20260527-020000.xml	182
2026-05-27 17:54:16	Shufersal	Price7290027600007-001-003-20260527-020000.xml	164
2026-05-27 17:54:16	Shufersal	Price7290027600007-001-004-20260527-170000.xml	2
2026-05-27 17:54:16	Shufersal	Price7290027600007-001-005-20260527-170000.xml	1
2026-05-27 17:54:16	Shufersal	Price7290027600007-001-007-20260527-170000.xml	1
2026-05-27 17:54:16	Shufersal	Price7290027600007-001-009-20260527-020000.xml	164
2026-05-27 17:54:16	Shufersal	Price7290027600007-001-011-20260527-020000.xml	148
2026-05-27 17:54:16	Shufersal	Price7290027600007-001-017-20260527-170000.xml	2
2026-05-27 17:54:16	Shufersal	Price7290027600007-001-019-20260527-020000.xml	148
2026-05-27 17:54:16	Shufersal	Price7290027600007-001-020-20260527-170000.xml	2
2026-05-27 17:54:16	Shufersal	Price7290027600007-001-022-20260527-170000.xml	1
2026-05-27 17:54:16	Shufersal	Price7290027600007-001-023-20260527-020000.xml	200
2026-05-27 17:54:17	Shufersal	Price7290027600007-001-024-20260527-020000.xml	171
2026-05-27 17:54:17	Shufersal	Price7290027600007-001-027-20260527-020000.xml	106
2026-05-27 17:54:17	Shufersal	Price7290027600007-001-028-20260527-020000.xml	160
2026-05-27 17:54:17	Shufersal	Price7290027600007-001-030-20260527-170000.xml	2
2026-05-27 17:54:17	Shufersal	Price7290027600007-001-032-20260527-170000.xml	1
2026-05-27 17:54:17	Shufersal	Price7290027600007-001-033-20260527-170000.xml	3
2026-05-27 17:54:17	Shufersal	Price7290027600007-001-034-20260527-170000.xml	1
2026-05-27 17:54:17	Shufersal	Price7290027600007-001-036-20260527-020000.xml	157
2026-05-27 17:54:17	Shufersal	Price7290027600007-001-038-20260527-020000.xml	158
2026-05-27 17:54:17	Shufersal	Price7290027600007-001-039-20260527-170000.xml	9
2026-05-27 17:54:17	Shufersal	Price7290027600007-001-040-20260527-020000.xml	107
2026-05-27 17:54:17	Shufersal	Price7290027600007-001-042-20260527-020000.xml	204
2026-05-27 17:54:17	Shufersal	Price7290027600007-001-043-20260527-020000.xml	175
2026-05-27 17:54:17	Shufersal	Price7290027600007-001-050-20260527-170000.xml	1
2026-05-27 17:54:17	Shufersal	Price7290027600007-001-057-20260527-170000.xml	3
2026-05-27 17:54:17	Shufersal	Price7290027600007-001-069-20260527-020000.xml	235
2026-05-27 17:54:17	Shufersal	Price7290027600007-001-070-20260527-170000.xml	2
2026-05-27 17:54:17	HaziHinam	Price7290700100008-000-201-20260527-161310.gz.xml.xml	28
2026-05-27 17:54:17	HaziHinam	Price7290700100008-000-202-20260527-162213.gz.xml.xml	29
2026-05-27 17:54:17	HaziHinam	Price7290700100008-000-202-20260527-172214.gz.xml.xml	12
2026-05-27 17:54:17	HaziHinam	Price7290700100008-000-203-20260527-164904.gz.xml.xml	3
2026-05-27 17:54:17	HaziHinam	Price7290700100008-000-204-20260527-161914.gz.xml.xml	47
2026-05-27 17:54:17	HaziHinam	Price7290700100008-000-204-20260527-171915.gz.xml.xml	9
2026-05-27 17:54:17	HaziHinam	Price7290700100008-000-205-20260527-161108.gz.xml.xml	40
2026-05-27 17:54:17	HaziHinam	Price7290700100008-000-205-20260527-171109.gz.xml.xml	14
2026-05-27 17:54:17	HaziHinam	Price7290700100008-000-206-20260527-160208.gz.xml.xml	52
2026-05-27 17:54:17	HaziHinam	Price7290700100008-000-206-20260527-170209.gz.xml.xml	29
2026-05-27 17:54:17	HaziHinam	Price7290700100008-000-207-20260527-160804.gz.xml.xml	10
2026-05-27 17:54:17	HaziHinam	Price7290700100008-000-207-20260527-170805.gz.xml.xml	1
2026-05-27 17:54:17	HaziHinam	Price7290700100008-000-208-20260527-163715.gz.xml.xml	22
2026-05-27 17:54:17	HaziHinam	Price7290700100008-000-209-20260527-165114.gz.xml.xml	10
2026-05-27 17:54:17	HaziHinam	Price7290700100008-000-210-20260527-160423.gz.xml.xml	9
2026-05-27 17:54:17	HaziHinam	Price7290700100008-000-210-20260527-170424.gz.xml.xml	1
2026-05-27 17:54:17	HaziHinam	Price7290700100008-000-217-20260527-162528.gz.xml.xml	2
2026-05-27 17:54:17	HaziHinam	Price7290700100008-000-219-20260527-160608.gz.xml.xml	3
2026-05-27 17:54:17	HaziHinam	Price7290700100008-000-219-20260527-170610.gz.xml.xml	1
2026-05-27 17:54:17	Keshet	Price7290785400000-001-014-20260527-080008.xml	4
2026-05-27 17:54:17	Keshet	Price7290785400000-001-021-20260527-060000.xml	1
2026-05-27 17:54:17	Keshet	Price7290785400000-001-021-20260527-090010.xml	7
2026-05-27 17:54:17	Keshet	Price7290785400000-002-202605270800.xml	1
2026-05-27 17:54:17	Keshet	Price7290785400000-002-202605270900.xml	4
2026-05-27 17:54:17	Keshet	Price7290785400000-003-202605270800.xml	3
2026-05-27 17:54:17	Keshet	Price7290785400000-003-202605270900.xml	6
2026-05-27 17:54:17	Keshet	Price7290785400000-003-202605271300.xml	7
2026-05-27 17:54:17	Keshet	Price7290785400000-003-202605271600.xml	13
2026-05-27 17:54:17	Keshet	Price7290785400000-004-202605270700.xml	2
2026-05-27 17:54:17	Keshet	Price7290785400000-004-202605270800.xml	5
2026-05-27 17:54:17	Keshet	Price7290785400000-004-202605270900.xml	6
2026-05-27 17:54:17	Keshet	Price7290785400000-004-202605271100.xml	13
2026-05-27 17:54:17	Keshet	Price7290785400000-005-202605270800.xml	2
2026-05-27 17:54:17	Keshet	Price7290785400000-005-202605270900.xml	7
2026-05-27 17:54:17	Keshet	Price7290785400000-005-202605271300.xml	7
2026-05-27 17:54:17	Keshet	Price7290785400000-005-202605271600.xml	12
2026-05-27 17:54:17	Keshet	Price7290785400000-008-202605270800.xml	2
2026-05-27 17:54:17	Keshet	Price7290785400000-008-202605270900.xml	4
2026-05-27 17:54:17	Keshet	Price7290785400000-008-202605271000.xml	5
2026-05-27 17:54:17	Keshet	Price7290785400000-008-202605271100.xml	6
2026-05-27 17:54:17	Keshet	Price7290785400000-008-202605271200.xml	9
2026-05-27 17:54:17	Keshet	Price7290785400000-008-202605271300.xml	10
2026-05-27 17:54:17	Keshet	Price7290785400000-010-202605270800.xml	1
2026-05-27 17:54:17	Keshet	Price7290785400000-010-202605270900.xml	2
2026-05-27 17:54:17	Keshet	Price7290785400000-011-202605270700.xml	2
2026-05-27 17:58:24	Shufersal	Price7290027600007-001-001-20260527-020000.xml	143
2026-05-27 17:58:24	Shufersal	Price7290027600007-001-002-20260527-020000.xml	182
2026-05-27 17:58:24	Shufersal	Price7290027600007-001-003-20260527-020000.xml	164
2026-05-27 17:58:24	Shufersal	Price7290027600007-001-004-20260527-170000.xml	2
2026-05-27 17:58:24	Shufersal	Price7290027600007-001-005-20260527-170000.xml	1
2026-05-27 17:58:24	Shufersal	Price7290027600007-001-007-20260527-170000.xml	1
2026-05-27 17:58:24	Shufersal	Price7290027600007-001-009-20260527-020000.xml	164
2026-05-27 17:58:24	Shufersal	Price7290027600007-001-011-20260527-020000.xml	148
2026-05-27 17:58:24	Shufersal	Price7290027600007-001-017-20260527-170000.xml	2
2026-05-27 17:58:24	Shufersal	Price7290027600007-001-019-20260527-020000.xml	148
2026-05-27 17:58:24	Shufersal	Price7290027600007-001-020-20260527-170000.xml	2
2026-05-27 17:58:24	Shufersal	Price7290027600007-001-022-20260527-170000.xml	1
2026-05-27 17:58:24	Shufersal	Price7290027600007-001-023-20260527-020000.xml	200
2026-05-27 17:58:24	Shufersal	Price7290027600007-001-024-20260527-020000.xml	171
2026-05-27 17:58:24	Shufersal	Price7290027600007-001-027-20260527-020000.xml	106
2026-05-27 17:58:24	Shufersal	Price7290027600007-001-028-20260527-020000.xml	160
2026-05-27 17:58:24	Shufersal	Price7290027600007-001-030-20260527-170000.xml	2
2026-05-27 17:58:24	Shufersal	Price7290027600007-001-032-20260527-170000.xml	1
2026-05-27 17:58:24	Shufersal	Price7290027600007-001-033-20260527-170000.xml	3
2026-05-27 17:58:24	Shufersal	Price7290027600007-001-034-20260527-170000.xml	1
2026-05-27 17:58:24	Shufersal	Price7290027600007-001-036-20260527-020000.xml	157
2026-05-27 17:58:24	Shufersal	Price7290027600007-001-038-20260527-020000.xml	158
2026-05-27 17:58:24	Shufersal	Price7290027600007-001-039-20260527-170000.xml	9
2026-05-27 17:58:24	Shufersal	Price7290027600007-001-040-20260527-020000.xml	107
2026-05-27 17:58:24	Shufersal	Price7290027600007-001-042-20260527-020000.xml	204
2026-05-27 17:58:24	Shufersal	Price7290027600007-001-043-20260527-020000.xml	175
2026-05-27 17:58:24	Shufersal	Price7290027600007-001-050-20260527-170000.xml	1
2026-05-27 17:58:24	Shufersal	Price7290027600007-001-057-20260527-170000.xml	3
2026-05-27 17:58:24	Shufersal	Price7290027600007-001-069-20260527-020000.xml	235
2026-05-27 17:58:24	Shufersal	Price7290027600007-001-070-20260527-170000.xml	2
2026-05-27 17:58:24	HaziHinam	Price7290700100008-000-201-20260527-161310.gz.xml.xml	28
2026-05-27 17:58:24	HaziHinam	Price7290700100008-000-202-20260527-162213.gz.xml.xml	29
2026-05-27 17:58:24	HaziHinam	Price7290700100008-000-202-20260527-172214.gz.xml.xml	12
2026-05-27 17:58:25	HaziHinam	Price7290700100008-000-203-20260527-164904.gz.xml.xml	3
2026-05-27 17:58:25	HaziHinam	Price7290700100008-000-204-20260527-161914.gz.xml.xml	47
2026-05-27 17:58:25	HaziHinam	Price7290700100008-000-204-20260527-171915.gz.xml.xml	9
2026-05-27 17:58:25	HaziHinam	Price7290700100008-000-205-20260527-161108.gz.xml.xml	40
2026-05-27 17:58:25	HaziHinam	Price7290700100008-000-205-20260527-171109.gz.xml.xml	14
2026-05-27 17:58:25	HaziHinam	Price7290700100008-000-206-20260527-160208.gz.xml.xml	52
2026-05-27 17:58:25	HaziHinam	Price7290700100008-000-206-20260527-170209.gz.xml.xml	29
2026-05-27 17:58:25	HaziHinam	Price7290700100008-000-207-20260527-160804.gz.xml.xml	10
2026-05-27 17:58:25	HaziHinam	Price7290700100008-000-207-20260527-170805.gz.xml.xml	1
2026-05-27 17:58:25	HaziHinam	Price7290700100008-000-208-20260527-163715.gz.xml.xml	22
2026-05-27 17:58:25	HaziHinam	Price7290700100008-000-209-20260527-165114.gz.xml.xml	10
2026-05-27 17:58:25	HaziHinam	Price7290700100008-000-210-20260527-160423.gz.xml.xml	9
2026-05-27 17:58:25	HaziHinam	Price7290700100008-000-210-20260527-170424.gz.xml.xml	1
2026-05-27 17:58:25	HaziHinam	Price7290700100008-000-217-20260527-162528.gz.xml.xml	2
2026-05-27 17:58:25	HaziHinam	Price7290700100008-000-219-20260527-160608.gz.xml.xml	3
2026-05-27 17:58:25	HaziHinam	Price7290700100008-000-219-20260527-170610.gz.xml.xml	1
2026-05-27 17:58:25	Keshet	Price7290785400000-001-014-20260527-080008.xml	4
2026-05-27 17:58:25	Keshet	Price7290785400000-001-021-20260527-060000.xml	1
2026-05-27 17:58:25	Keshet	Price7290785400000-001-021-20260527-090010.xml	7
2026-05-27 17:58:25	Keshet	Price7290785400000-002-202605270800.xml	1
2026-05-27 17:58:25	Keshet	Price7290785400000-002-202605270900.xml	4
2026-05-27 17:58:25	Keshet	Price7290785400000-003-202605270800.xml	3
2026-05-27 17:58:25	Keshet	Price7290785400000-003-202605270900.xml	6
2026-05-27 17:58:25	Keshet	Price7290785400000-003-202605271300.xml	7
2026-05-27 17:58:25	Keshet	Price7290785400000-003-202605271600.xml	13
2026-05-27 17:58:25	Keshet	Price7290785400000-004-202605270700.xml	2
2026-05-27 17:58:25	Keshet	Price7290785400000-004-202605270800.xml	5
2026-05-27 17:58:25	Keshet	Price7290785400000-004-202605270900.xml	6
2026-05-27 17:58:25	Keshet	Price7290785400000-004-202605271100.xml	13
2026-05-27 17:58:25	Keshet	Price7290785400000-005-202605270800.xml	2
2026-05-27 17:58:25	Keshet	Price7290785400000-005-202605270900.xml	7
2026-05-27 17:58:25	Keshet	Price7290785400000-005-202605271300.xml	7
2026-05-27 17:58:25	Keshet	Price7290785400000-005-202605271600.xml	12
2026-05-27 17:58:25	Keshet	Price7290785400000-008-202605270800.xml	2
2026-05-27 17:58:25	Keshet	Price7290785400000-008-202605270900.xml	4
2026-05-27 17:58:25	Keshet	Price7290785400000-008-202605271000.xml	5
2026-05-27 17:58:25	Keshet	Price7290785400000-008-202605271100.xml	6
2026-05-27 17:58:25	Keshet	Price7290785400000-008-202605271200.xml	9
2026-05-27 17:58:25	Keshet	Price7290785400000-008-202605271300.xml	10
2026-05-27 17:58:25	Keshet	Price7290785400000-010-202605270800.xml	1
2026-05-27 17:58:25	Keshet	Price7290785400000-010-202605270900.xml	2
2026-05-27 17:58:25	Keshet	Price7290785400000-011-202605270700.xml	2
2026-05-27 18:38:28	Shufersal	Price7290027600007-001-001-20260527-020000.xml	143
2026-05-27 18:38:28	Shufersal	Price7290027600007-001-002-20260527-020000.xml	182
2026-05-27 18:38:28	Shufersal	Price7290027600007-001-003-20260527-020000.xml	164
2026-05-27 18:38:28	Shufersal	Price7290027600007-001-004-20260527-170000.xml	2
2026-05-27 18:38:28	Shufersal	Price7290027600007-001-005-20260527-170000.xml	1
2026-05-27 18:38:28	Shufersal	Price7290027600007-001-007-20260527-170000.xml	1
2026-05-27 18:38:28	Shufersal	Price7290027600007-001-009-20260527-020000.xml	164
2026-05-27 18:38:28	Shufersal	Price7290027600007-001-011-20260527-020000.xml	148
2026-05-27 18:38:28	Shufersal	Price7290027600007-001-017-20260527-170000.xml	2
2026-05-27 18:38:28	Shufersal	Price7290027600007-001-019-20260527-020000.xml	148
2026-05-27 18:38:28	Shufersal	Price7290027600007-001-020-20260527-170000.xml	2
2026-05-27 18:38:28	Shufersal	Price7290027600007-001-022-20260527-170000.xml	1
2026-05-27 18:38:28	Shufersal	Price7290027600007-001-023-20260527-020000.xml	200
2026-05-27 18:38:28	Shufersal	Price7290027600007-001-024-20260527-020000.xml	171
2026-05-27 18:38:28	Shufersal	Price7290027600007-001-027-20260527-020000.xml	106
2026-05-27 18:38:28	Shufersal	Price7290027600007-001-028-20260527-020000.xml	160
2026-05-27 18:38:28	Shufersal	Price7290027600007-001-030-20260527-170000.xml	2
2026-05-27 18:38:28	Shufersal	Price7290027600007-001-032-20260527-170000.xml	1
2026-05-27 18:38:28	Shufersal	Price7290027600007-001-033-20260527-170000.xml	3
2026-05-27 18:38:28	Shufersal	Price7290027600007-001-034-20260527-170000.xml	1
2026-05-27 18:38:28	Shufersal	Price7290027600007-001-036-20260527-020000.xml	157
2026-05-27 18:38:28	Shufersal	Price7290027600007-001-038-20260527-020000.xml	158
2026-05-27 18:38:28	Shufersal	Price7290027600007-001-039-20260527-170000.xml	9
2026-05-27 18:38:28	Shufersal	Price7290027600007-001-040-20260527-020000.xml	107
2026-05-27 18:38:29	Shufersal	Price7290027600007-001-042-20260527-020000.xml	204
2026-05-27 18:38:29	Shufersal	Price7290027600007-001-043-20260527-020000.xml	175
2026-05-27 18:38:29	Shufersal	Price7290027600007-001-050-20260527-170000.xml	1
2026-05-27 18:38:29	Shufersal	Price7290027600007-001-057-20260527-170000.xml	3
2026-05-27 18:38:29	Shufersal	Price7290027600007-001-069-20260527-020000.xml	235
2026-05-27 18:38:29	Shufersal	Price7290027600007-001-070-20260527-170000.xml	2
2026-05-27 18:38:33	HaziHinam	Price7290700100008-000-201-20260527-161310.gz.xml.xml	28
2026-05-27 18:38:33	HaziHinam	Price7290700100008-000-201-20260527-181312.gz.xml.xml	7
2026-05-27 18:38:33	HaziHinam	Price7290700100008-000-202-20260527-162213.gz.xml.xml	29
2026-05-27 18:38:33	HaziHinam	Price7290700100008-000-202-20260527-172214.gz.xml.xml	12
2026-05-27 18:38:33	HaziHinam	Price7290700100008-000-202-20260527-182227.gz.xml.xml	10
2026-05-27 18:38:33	HaziHinam	Price7290700100008-000-203-20260527-164904.gz.xml.xml	3
2026-05-27 18:38:33	HaziHinam	Price7290700100008-000-204-20260527-161914.gz.xml.xml	47
2026-05-27 18:38:33	HaziHinam	Price7290700100008-000-204-20260527-171915.gz.xml.xml	9
2026-05-27 18:38:33	HaziHinam	Price7290700100008-000-204-20260527-181916.gz.xml.xml	8
2026-05-27 18:38:33	HaziHinam	Price7290700100008-000-205-20260527-161108.gz.xml.xml	40
2026-05-27 18:38:33	HaziHinam	Price7290700100008-000-205-20260527-171109.gz.xml.xml	14
2026-05-27 18:38:33	HaziHinam	Price7290700100008-000-205-20260527-181110.gz.xml.xml	8
2026-05-27 18:38:33	HaziHinam	Price7290700100008-000-206-20260527-160208.gz.xml.xml	52
2026-05-27 18:38:33	HaziHinam	Price7290700100008-000-206-20260527-170209.gz.xml.xml	29
2026-05-27 18:38:33	HaziHinam	Price7290700100008-000-207-20260527-160804.gz.xml.xml	10
2026-05-27 18:38:33	HaziHinam	Price7290700100008-000-207-20260527-170805.gz.xml.xml	1
2026-05-27 18:38:33	HaziHinam	Price7290700100008-000-208-20260527-163715.gz.xml.xml	22
2026-05-27 18:38:33	HaziHinam	Price7290700100008-000-209-20260527-165114.gz.xml.xml	10
2026-05-27 18:38:33	HaziHinam	Price7290700100008-000-210-20260527-160423.gz.xml.xml	9
2026-05-27 18:38:33	HaziHinam	Price7290700100008-000-210-20260527-170424.gz.xml.xml	1
2026-05-27 18:38:33	HaziHinam	Price7290700100008-000-217-20260527-162528.gz.xml.xml	2
2026-05-27 18:38:33	HaziHinam	Price7290700100008-000-219-20260527-160608.gz.xml.xml	3
2026-05-27 18:38:33	HaziHinam	Price7290700100008-000-219-20260527-170610.gz.xml.xml	1
2026-05-27 18:38:34	Keshet	Price7290785400000-001-014-20260527-080008.xml	4
2026-05-27 18:38:34	Keshet	Price7290785400000-001-021-20260527-060000.xml	1
2026-05-27 18:38:34	Keshet	Price7290785400000-001-021-20260527-090010.xml	7
2026-05-27 18:38:34	Keshet	Price7290785400000-002-202605270800.xml	1
2026-05-27 18:38:34	Keshet	Price7290785400000-002-202605270900.xml	4
2026-05-27 18:38:34	Keshet	Price7290785400000-002-202605271828.xml	12
2026-05-27 18:38:34	Keshet	Price7290785400000-003-202605270800.xml	3
2026-05-27 18:38:34	Keshet	Price7290785400000-003-202605270900.xml	6
2026-05-27 18:38:34	Keshet	Price7290785400000-003-202605271300.xml	7
2026-05-27 18:38:34	Keshet	Price7290785400000-003-202605271600.xml	13
2026-05-27 18:38:34	Keshet	Price7290785400000-003-202605271800.xml	22
2026-05-27 18:38:34	Keshet	Price7290785400000-004-202605270700.xml	2
2026-05-27 18:38:34	Keshet	Price7290785400000-004-202605270800.xml	5
2026-05-27 18:38:34	Keshet	Price7290785400000-004-202605270900.xml	6
2026-05-27 18:38:34	Keshet	Price7290785400000-004-202605271100.xml	13
2026-05-27 18:38:34	Keshet	Price7290785400000-004-202605271700.xml	22
2026-05-27 18:38:34	Keshet	Price7290785400000-005-202605270800.xml	2
2026-05-27 18:38:34	Keshet	Price7290785400000-005-202605270900.xml	7
2026-05-27 18:38:34	Keshet	Price7290785400000-005-202605271300.xml	7
2026-05-27 18:38:34	Keshet	Price7290785400000-005-202605271600.xml	12
2026-05-27 18:38:34	Keshet	Price7290785400000-005-202605271800.xml	24
2026-05-27 18:38:34	Keshet	Price7290785400000-008-202605270800.xml	2
2026-05-27 18:38:34	Keshet	Price7290785400000-008-202605270900.xml	4
2026-05-27 18:38:34	Keshet	Price7290785400000-008-202605271000.xml	5
2026-05-27 18:38:34	Keshet	Price7290785400000-008-202605271100.xml	6
2026-05-27 18:38:34	Keshet	Price7290785400000-008-202605271200.xml	9
2026-05-27 18:38:34	Keshet	Price7290785400000-008-202605271300.xml	10
2026-05-27 18:38:34	Keshet	Price7290785400000-008-202605271800.xml	16
2026-05-27 18:38:34	Keshet	Price7290785400000-010-202605270800.xml	1
2026-05-27 18:38:34	Keshet	Price7290785400000-010-202605270900.xml	2
2026-05-27 18:38:34	Keshet	Price7290785400000-011-202605270700.xml	2
2026-05-27 18:48:16	RamiLevy	Price7290058140886-001-044-20260527-070846.xml	1065
2026-05-27 18:48:17	RamiLevy	Price7290058140886-001-044-20260527-080016.xml	458
2026-05-27 18:48:17	RamiLevy	Price7290058140886-001-044-20260527-090006.xml	458
2026-05-27 18:48:17	Osherad	Price7290103152017-001-001-20260527-090007.xml	252
2026-05-27 18:48:17	Osherad	Price7290103152017-001-001-20260527-100018.xml	253
2026-05-27 18:48:17	Osherad	Price7290103152017-001-001-20260527-110008.xml	255
2026-05-27 18:48:26	Yohananof	Price7290803800003-000-007-20260527-074000.xml	4
2026-05-27 18:48:26	Yohananof	Price7290803800003-000-007-20260527-084000.xml	4
2026-05-27 18:48:26	Yohananof	Price7290803800003-000-007-20260527-094000.xml	4
2026-05-27 18:56:32	RamiLevy	Price7290058140886-001-044-20260527-070846.xml	1065
2026-05-27 18:56:32	RamiLevy	Price7290058140886-001-044-20260527-080016.xml	458
2026-05-27 18:56:32	RamiLevy	Price7290058140886-001-044-20260527-090006.xml	458
2026-05-27 18:56:32	Osherad	Price7290103152017-001-001-20260527-090007.xml	252
2026-05-27 18:56:32	Osherad	Price7290103152017-001-001-20260527-100018.xml	253
2026-05-27 18:56:32	Osherad	Price7290103152017-001-001-20260527-110008.xml	255
2026-05-27 18:56:41	Yohananof	Price7290803800003-000-007-20260527-074000.xml	4
2026-05-27 18:56:41	Yohananof	Price7290803800003-000-007-20260527-084000.xml	4
2026-05-27 18:56:41	Yohananof	Price7290803800003-000-007-20260527-094000.xml	4
2026-05-27 18:56:41	Yohananof	Price7290803800003-000-007-20260527-104000.xml	30
2026-05-27 18:56:42	Yohananof	Price7290803800003-000-007-20260527-114000.xml	30
2026-05-27 18:56:42	Yohananof	Price7290803800003-000-007-20260527-124000.xml	31
2026-05-27 18:58:20	Cofix	PriceFull7291056200008-405-202605270010.xml	20
2026-05-27 18:58:30	CityMarketShops	Price7290000000003-013-202605271855.xml.xml	1
2026-05-27 18:58:30	CityMarketShops	Price7290000000003-028-202605271839.xml.xml	1
2026-05-27 18:58:30	CityMarketShops	Price7290000000003-032-202605271844.xml.xml	1
2026-05-27 18:58:30	DorAlon	Price7290492000005-001-401-20260527-180007.xml	40
2026-05-27 18:58:30	DorAlon	Price7290492000005-001-402-20260527-180012.xml	45
2026-05-27 18:58:30	DorAlon	Price7290492000005-001-403-20260527-180013.xml	73
2026-05-27 18:58:37	HaziHinam	Price7290700100008-000-201-20260527-161310.gz.xml.xml	28
2026-05-27 18:58:37	HaziHinam	Price7290700100008-000-201-20260527-181312.gz.xml.xml	7
2026-05-27 18:58:37	HaziHinam	Price7290700100008-000-202-20260527-162213.gz.xml.xml	29
2026-05-27 18:58:37	HaziHinam	Price7290700100008-000-202-20260527-172214.gz.xml.xml	12
2026-05-27 18:58:37	HaziHinam	Price7290700100008-000-202-20260527-182227.gz.xml.xml	10
2026-05-27 18:58:37	HaziHinam	Price7290700100008-000-203-20260527-164904.gz.xml.xml	3
2026-05-27 18:58:37	HaziHinam	Price7290700100008-000-204-20260527-161914.gz.xml.xml	47
2026-05-27 18:58:37	HaziHinam	Price7290700100008-000-204-20260527-171915.gz.xml.xml	9
2026-05-27 18:58:37	HaziHinam	Price7290700100008-000-204-20260527-181916.gz.xml.xml	8
2026-05-27 18:58:37	HaziHinam	Price7290700100008-000-205-20260527-161108.gz.xml.xml	40
2026-05-27 18:58:37	HaziHinam	Price7290700100008-000-205-20260527-171109.gz.xml.xml	14
2026-05-27 18:58:37	HaziHinam	Price7290700100008-000-205-20260527-181110.gz.xml.xml	8
2026-05-27 18:58:37	HaziHinam	Price7290700100008-000-206-20260527-160208.gz.xml.xml	52
2026-05-27 18:58:37	HaziHinam	Price7290700100008-000-206-20260527-170209.gz.xml.xml	29
2026-05-27 18:58:37	HaziHinam	Price7290700100008-000-207-20260527-160804.gz.xml.xml	10
2026-05-27 18:58:37	HaziHinam	Price7290700100008-000-207-20260527-170805.gz.xml.xml	1
2026-05-27 18:58:37	HaziHinam	Price7290700100008-000-208-20260527-163715.gz.xml.xml	22
2026-05-27 18:58:37	HaziHinam	Price7290700100008-000-209-20260527-165114.gz.xml.xml	10
2026-05-27 18:58:37	HaziHinam	Price7290700100008-000-209-20260527-185116.gz.xml.xml	12
2026-05-27 18:58:37	HaziHinam	Price7290700100008-000-210-20260527-160423.gz.xml.xml	9
2026-05-27 18:58:37	HaziHinam	Price7290700100008-000-210-20260527-170424.gz.xml.xml	1
2026-05-27 18:58:37	HaziHinam	Price7290700100008-000-217-20260527-162528.gz.xml.xml	2
2026-05-27 18:58:37	HaziHinam	Price7290700100008-000-219-20260527-160608.gz.xml.xml	3
2026-05-27 18:58:37	HaziHinam	Price7290700100008-000-219-20260527-170610.gz.xml.xml	1
2026-05-27 18:58:38	HaziHinam	PriceFull7290700100008-000-103-20260527-185201.gz.xml.xml	8165
2026-05-27 18:59:00	Keshet	Price7290785400000-001-014-20260527-080008.xml	4
2026-05-27 18:59:00	Keshet	Price7290785400000-001-021-20260527-060000.xml	1
2026-05-27 18:59:00	Keshet	Price7290785400000-001-021-20260527-090010.xml	7
2026-05-27 18:59:00	Keshet	Price7290785400000-002-202605270800.xml	1
2026-05-27 18:59:00	Keshet	Price7290785400000-002-202605270900.xml	4
2026-05-27 18:59:00	Keshet	Price7290785400000-002-202605271828.xml	12
2026-05-27 18:59:00	Keshet	Price7290785400000-003-202605270800.xml	3
2026-05-27 18:59:00	Keshet	Price7290785400000-003-202605270900.xml	6
2026-05-27 18:59:00	Keshet	Price7290785400000-003-202605271300.xml	7
2026-05-27 18:59:00	Keshet	Price7290785400000-003-202605271600.xml	13
2026-05-27 18:59:00	Keshet	Price7290785400000-003-202605271800.xml	22
2026-05-27 18:59:00	Keshet	Price7290785400000-004-202605270700.xml	2
2026-05-27 18:59:00	Keshet	Price7290785400000-004-202605270800.xml	5
2026-05-27 18:59:00	Keshet	Price7290785400000-004-202605270900.xml	6
2026-05-27 18:59:00	Keshet	Price7290785400000-004-202605271100.xml	13
2026-05-27 18:59:00	Keshet	Price7290785400000-004-202605271700.xml	22
2026-05-27 18:59:00	Keshet	Price7290785400000-005-202605270800.xml	2
2026-05-27 18:59:00	Keshet	Price7290785400000-005-202605270900.xml	7
2026-05-27 18:59:00	Keshet	Price7290785400000-005-202605271300.xml	7
2026-05-27 18:59:00	Keshet	Price7290785400000-005-202605271600.xml	12
2026-05-27 18:59:00	Keshet	Price7290785400000-005-202605271800.xml	24
2026-05-27 18:59:00	Keshet	Price7290785400000-008-202605270800.xml	2
2026-05-27 18:59:00	Keshet	Price7290785400000-008-202605270900.xml	4
2026-05-27 18:59:00	Keshet	Price7290785400000-008-202605271000.xml	5
2026-05-27 18:59:00	Keshet	Price7290785400000-008-202605271100.xml	6
2026-05-27 18:59:00	Keshet	Price7290785400000-008-202605271200.xml	9
2026-05-27 18:59:00	Keshet	Price7290785400000-008-202605271300.xml	10
2026-05-27 18:59:00	Keshet	Price7290785400000-008-202605271800.xml	16
2026-05-27 18:59:00	Keshet	Price7290785400000-010-202605270800.xml	1
2026-05-27 18:59:00	Keshet	Price7290785400000-010-202605270900.xml	2
2026-05-27 18:59:00	Keshet	Price7290785400000-011-202605270700.xml	2
2026-05-27 18:59:19	MahsaniAShukNewSource	Price7290661400001-001-058-20260527-181623.xml	16900
2026-05-27 18:59:46	MeshnatYosef1	PriceFull5144744100002-001-001-20260526-000001.xml.xml	225
2026-05-27 18:59:46	MeshnatYosef1	PriceFull5144744100002-001-001-20260527-000001.xml.xml	186
2026-05-27 18:59:47	MeshnatYosef2	PriceFull5144744100002-001-001-20260526-000001.xml.xml	225
2026-05-27 18:59:47	MeshnatYosef2	PriceFull5144744100002-001-001-20260527-000001.xml.xml	186
2026-05-27 18:59:47	Osherad	Price7290103152017-001-001-20260527-090007.xml	252
2026-05-27 18:59:47	Osherad	Price7290103152017-001-001-20260527-100018.xml	253
2026-05-27 18:59:47	Osherad	Price7290103152017-001-001-20260527-110008.xml	255
2026-05-27 18:59:47	Polizer	Price7291059100008-001-001-20260527-070011.xml	144
2026-05-27 18:59:47	Polizer	Price7291059100008-001-001-20260527-090015.xml	149
2026-05-27 18:59:47	RamiLevy	Price7290058140886-001-044-20260527-070846.xml	1065
2026-05-27 18:59:48	RamiLevy	Price7290058140886-001-044-20260527-080016.xml	458
2026-05-27 18:59:48	RamiLevy	Price7290058140886-001-044-20260527-090006.xml	458
2026-05-27 18:59:48	SalachDabach	Price7290526500006-001-004-20260527-080004.xml	486
2026-05-27 18:59:48	SalachDabach	Price7290526500006-001-007-20260527-080004.xml	1068
2026-05-27 18:59:48	SalachDabach	Price7290526500006-001-011-20260527-080004.xml	822
2026-05-27 18:59:50	Shufersal	Price7290027600007-001-001-20260527-020000.xml	143
2026-05-27 18:59:50	Shufersal	Price7290027600007-001-002-20260527-020000.xml	182
2026-05-27 18:59:50	Shufersal	Price7290027600007-001-003-20260527-020000.xml	164
2026-05-27 18:59:50	Shufersal	Price7290027600007-001-004-20260527-170000.xml	2
2026-05-27 18:59:50	Shufersal	Price7290027600007-001-005-20260527-170000.xml	1
2026-05-27 18:59:50	Shufersal	Price7290027600007-001-007-20260527-170000.xml	1
2026-05-27 18:59:50	Shufersal	Price7290027600007-001-009-20260527-020000.xml	164
2026-05-27 18:59:50	Shufersal	Price7290027600007-001-011-20260527-020000.xml	148
2026-05-27 18:59:50	Shufersal	Price7290027600007-001-017-20260527-170000.xml	2
2026-05-27 18:59:50	Shufersal	Price7290027600007-001-019-20260527-020000.xml	148
2026-05-27 18:59:50	Shufersal	Price7290027600007-001-020-20260527-170000.xml	2
2026-05-27 18:59:50	Shufersal	Price7290027600007-001-022-20260527-170000.xml	1
2026-05-27 18:59:50	Shufersal	Price7290027600007-001-023-20260527-020000.xml	200
2026-05-27 18:59:50	Shufersal	Price7290027600007-001-024-20260527-020000.xml	171
2026-05-27 18:59:50	Shufersal	Price7290027600007-001-027-20260527-020000.xml	106
2026-05-27 18:59:50	Shufersal	Price7290027600007-001-028-20260527-020000.xml	160
2026-05-27 18:59:50	Shufersal	Price7290027600007-001-030-20260527-170000.xml	2
2026-05-27 18:59:50	Shufersal	Price7290027600007-001-032-20260527-170000.xml	1
2026-05-27 18:59:50	Shufersal	Price7290027600007-001-033-20260527-170000.xml	3
2026-05-27 18:59:50	Shufersal	Price7290027600007-001-034-20260527-170000.xml	1
2026-05-27 18:59:50	Shufersal	Price7290027600007-001-036-20260527-020000.xml	157
2026-05-27 18:59:50	Shufersal	Price7290027600007-001-038-20260527-020000.xml	158
2026-05-27 18:59:50	Shufersal	Price7290027600007-001-039-20260527-170000.xml	9
2026-05-27 18:59:50	Shufersal	Price7290027600007-001-040-20260527-020000.xml	107
2026-05-27 18:59:50	Shufersal	Price7290027600007-001-042-20260527-020000.xml	204
2026-05-27 18:59:50	Shufersal	Price7290027600007-001-043-20260527-020000.xml	175
2026-05-27 18:59:50	Shufersal	Price7290027600007-001-050-20260527-170000.xml	1
2026-05-27 18:59:50	Shufersal	Price7290027600007-001-057-20260527-170000.xml	3
2026-05-27 18:59:50	Shufersal	Price7290027600007-001-069-20260527-020000.xml	235
2026-05-27 18:59:50	Shufersal	Price7290027600007-001-070-20260527-170000.xml	2
2026-05-27 18:59:52	StopMarket	Price7290639000004-001-001-20260527-070010.xml	87
2026-05-27 18:59:52	StopMarket	Price7290639000004-001-001-20260527-130011.xml	95
2026-05-27 18:59:52	StopMarket	Price7290639000004-001-001-20260527-180001.xml	97
2026-05-27 19:00:01	SuperYuda	Price7290058177776-001-201-20260527-070006.xml	547
2026-05-27 19:00:01	SuperYuda	Price7290058177776-001-202-20260527-070015.xml	617
2026-05-27 19:00:01	SuperYuda	Price7290058177776-001-203-20260527-070000.xml	393
2026-05-27 19:00:03	FreshMarketAndSuperDosh	Price7290876100000-001-001-20260527-060012.xml	1503
2026-05-27 19:00:04	FreshMarketAndSuperDosh	Price7290876100000-001-001-20260527-070004.xml	2823
2026-05-27 19:00:04	FreshMarketAndSuperDosh	Price7290876100000-001-002-20260527-060012.xml	7808
2026-05-27 19:00:12	TivTaam	Price7290873255550-000-002-20260526-234004.xml	5
2026-05-27 19:00:12	TivTaam	Price7290873255550-000-002-20260527-094004.xml	8
2026-05-27 19:00:12	TivTaam	Price7290873255550-000-002-20260527-104004.xml	8
2026-05-27 19:00:26	VictoryNewSource	Price7290696200003-001-001-20260527-180641.xml	10203
2026-05-27 19:00:47	Shufersal	Price7290027600007-001-001-20260527-020000.xml	143
2026-05-27 19:00:47	Shufersal	Price7290027600007-001-002-20260527-020000.xml	182
2026-05-27 19:00:47	Shufersal	Price7290027600007-001-003-20260527-020000.xml	164
2026-05-27 19:00:47	Shufersal	Price7290027600007-001-004-20260527-170000.xml	2
2026-05-27 19:00:47	Shufersal	Price7290027600007-001-005-20260527-170000.xml	1
2026-05-27 19:00:47	Shufersal	Price7290027600007-001-007-20260527-170000.xml	1
2026-05-27 19:00:47	Shufersal	Price7290027600007-001-009-20260527-020000.xml	164
2026-05-27 19:00:47	Shufersal	Price7290027600007-001-011-20260527-020000.xml	148
2026-05-27 19:00:47	Shufersal	Price7290027600007-001-017-20260527-170000.xml	2
2026-05-27 19:00:47	Shufersal	Price7290027600007-001-019-20260527-020000.xml	148
2026-05-27 19:00:47	Shufersal	Price7290027600007-001-020-20260527-170000.xml	2
2026-05-27 19:00:47	Shufersal	Price7290027600007-001-022-20260527-170000.xml	1
2026-05-27 19:00:47	Shufersal	Price7290027600007-001-023-20260527-020000.xml	200
2026-05-27 19:00:47	Shufersal	Price7290027600007-001-024-20260527-020000.xml	171
2026-05-27 19:00:47	Shufersal	Price7290027600007-001-027-20260527-020000.xml	106
2026-05-27 19:00:47	Shufersal	Price7290027600007-001-028-20260527-020000.xml	160
2026-05-27 19:00:47	Shufersal	Price7290027600007-001-030-20260527-170000.xml	2
2026-05-27 19:00:47	Shufersal	Price7290027600007-001-032-20260527-170000.xml	1
2026-05-27 19:00:47	Shufersal	Price7290027600007-001-033-20260527-170000.xml	3
2026-05-27 19:00:47	Shufersal	Price7290027600007-001-034-20260527-170000.xml	1
2026-05-27 19:00:47	Shufersal	Price7290027600007-001-036-20260527-020000.xml	157
2026-05-27 19:00:47	Shufersal	Price7290027600007-001-038-20260527-020000.xml	158
2026-05-27 19:00:47	Shufersal	Price7290027600007-001-039-20260527-170000.xml	9
2026-05-27 19:00:47	Shufersal	Price7290027600007-001-040-20260527-020000.xml	107
2026-05-27 19:00:47	Shufersal	Price7290027600007-001-042-20260527-020000.xml	204
2026-05-27 19:00:47	Shufersal	Price7290027600007-001-043-20260527-020000.xml	175
2026-05-27 19:00:47	Shufersal	Price7290027600007-001-050-20260527-170000.xml	1
2026-05-27 19:00:47	Shufersal	Price7290027600007-001-057-20260527-170000.xml	3
2026-05-27 19:00:47	Shufersal	Price7290027600007-001-069-20260527-020000.xml	235
2026-05-27 19:00:47	Shufersal	Price7290027600007-001-070-20260527-170000.xml	2
2026-05-27 19:00:47	HaziHinam	Price7290700100008-000-201-20260527-161310.gz.xml.xml	28
2026-05-27 19:00:47	HaziHinam	Price7290700100008-000-201-20260527-181312.gz.xml.xml	7
2026-05-27 19:00:47	HaziHinam	Price7290700100008-000-202-20260527-162213.gz.xml.xml	29
2026-05-27 19:00:47	HaziHinam	Price7290700100008-000-202-20260527-172214.gz.xml.xml	12
2026-05-27 19:00:48	HaziHinam	Price7290700100008-000-202-20260527-182227.gz.xml.xml	10
2026-05-27 19:00:48	HaziHinam	Price7290700100008-000-203-20260527-164904.gz.xml.xml	3
2026-05-27 19:00:48	HaziHinam	Price7290700100008-000-204-20260527-161914.gz.xml.xml	47
2026-05-27 19:00:48	HaziHinam	Price7290700100008-000-204-20260527-171915.gz.xml.xml	9
2026-05-27 19:00:48	HaziHinam	Price7290700100008-000-204-20260527-181916.gz.xml.xml	8
2026-05-27 19:00:48	HaziHinam	Price7290700100008-000-205-20260527-161108.gz.xml.xml	40
2026-05-27 19:00:48	HaziHinam	Price7290700100008-000-205-20260527-171109.gz.xml.xml	14
2026-05-27 19:00:48	HaziHinam	Price7290700100008-000-205-20260527-181110.gz.xml.xml	8
2026-05-27 19:00:48	HaziHinam	Price7290700100008-000-206-20260527-160208.gz.xml.xml	52
2026-05-27 19:00:48	HaziHinam	Price7290700100008-000-206-20260527-170209.gz.xml.xml	29
2026-05-27 19:00:48	HaziHinam	Price7290700100008-000-207-20260527-160804.gz.xml.xml	10
2026-05-27 19:00:48	HaziHinam	Price7290700100008-000-207-20260527-170805.gz.xml.xml	1
2026-05-27 19:00:48	HaziHinam	Price7290700100008-000-208-20260527-163715.gz.xml.xml	22
2026-05-27 19:00:48	HaziHinam	Price7290700100008-000-209-20260527-165114.gz.xml.xml	10
2026-05-27 19:00:48	HaziHinam	Price7290700100008-000-209-20260527-185116.gz.xml.xml	12
2026-05-27 19:00:48	HaziHinam	Price7290700100008-000-210-20260527-160423.gz.xml.xml	9
2026-05-27 19:00:48	HaziHinam	Price7290700100008-000-210-20260527-170424.gz.xml.xml	1
2026-05-27 19:00:48	HaziHinam	Price7290700100008-000-217-20260527-162528.gz.xml.xml	2
2026-05-27 19:00:48	HaziHinam	Price7290700100008-000-219-20260527-160608.gz.xml.xml	3
2026-05-27 19:00:48	HaziHinam	Price7290700100008-000-219-20260527-170610.gz.xml.xml	1
2026-05-27 19:00:48	HaziHinam	PriceFull7290700100008-000-103-20260527-185201.gz.xml.xml	8165
2026-05-27 19:00:59	Keshet	Price7290785400000-001-014-20260527-080008.xml	4
2026-05-27 19:00:59	Keshet	Price7290785400000-001-021-20260527-060000.xml	1
2026-05-27 19:00:59	Keshet	Price7290785400000-001-021-20260527-090010.xml	7
2026-05-27 19:00:59	Keshet	Price7290785400000-002-202605270800.xml	1
2026-05-27 19:00:59	Keshet	Price7290785400000-002-202605270900.xml	4
2026-05-27 19:00:59	Keshet	Price7290785400000-002-202605271828.xml	12
2026-05-27 19:00:59	Keshet	Price7290785400000-003-202605270800.xml	3
2026-05-27 19:00:59	Keshet	Price7290785400000-003-202605270900.xml	6
2026-05-27 19:00:59	Keshet	Price7290785400000-003-202605271300.xml	7
2026-05-27 19:00:59	Keshet	Price7290785400000-003-202605271600.xml	13
2026-05-27 19:00:59	Keshet	Price7290785400000-003-202605271800.xml	22
2026-05-27 19:00:59	Keshet	Price7290785400000-004-202605270700.xml	2
2026-05-27 19:00:59	Keshet	Price7290785400000-004-202605270800.xml	5
2026-05-27 19:00:59	Keshet	Price7290785400000-004-202605270900.xml	6
2026-05-27 19:00:59	Keshet	Price7290785400000-004-202605271100.xml	13
2026-05-27 19:00:59	Keshet	Price7290785400000-004-202605271700.xml	22
2026-05-27 19:00:59	Keshet	Price7290785400000-005-202605270800.xml	2
2026-05-27 19:00:59	Keshet	Price7290785400000-005-202605270900.xml	7
2026-05-27 19:00:59	Keshet	Price7290785400000-005-202605271300.xml	7
2026-05-27 19:00:59	Keshet	Price7290785400000-005-202605271600.xml	12
2026-05-27 19:00:59	Keshet	Price7290785400000-005-202605271800.xml	24
2026-05-27 19:00:59	Keshet	Price7290785400000-008-202605270800.xml	2
2026-05-27 19:00:59	Keshet	Price7290785400000-008-202605270900.xml	4
2026-05-27 19:00:59	Keshet	Price7290785400000-008-202605271000.xml	5
2026-05-27 19:00:59	Keshet	Price7290785400000-008-202605271100.xml	6
2026-05-27 19:00:59	Keshet	Price7290785400000-008-202605271200.xml	9
2026-05-27 19:00:59	Keshet	Price7290785400000-008-202605271300.xml	10
2026-05-27 19:00:59	Keshet	Price7290785400000-008-202605271800.xml	16
2026-05-27 19:00:59	Keshet	Price7290785400000-010-202605270800.xml	1
2026-05-27 19:00:59	Keshet	Price7290785400000-010-202605270900.xml	2
2026-05-27 19:00:59	Keshet	Price7290785400000-011-202605270700.xml	2
2026-05-27 19:00:59	RamiLevy	Price7290058140886-001-044-20260527-070846.xml	1065
2026-05-27 19:00:59	Yellow	Price7290644700005-001-136-20260527-060008.xml	2
2026-05-27 19:00:59	RamiLevy	Price7290058140886-001-044-20260527-080016.xml	458
2026-05-27 19:00:59	Yellow	Price7290644700005-001-202-20260527-060000.xml	5
2026-05-27 19:00:59	RamiLevy	Price7290058140886-001-044-20260527-090006.xml	458
2026-05-27 19:00:59	Yellow	Price7290644700005-001-342-20260527-060009.xml	1
2026-05-27 19:00:59	Osherad	Price7290103152017-001-001-20260527-090007.xml	252
2026-05-27 19:00:59	Osherad	Price7290103152017-001-001-20260527-100018.xml	253
2026-05-27 19:00:59	Osherad	Price7290103152017-001-001-20260527-110008.xml	255
2026-05-27 19:00:59	Yohananof	Price7290803800003-000-007-20260527-074000.xml	4
2026-05-27 19:00:59	Yohananof	Price7290803800003-000-007-20260527-084000.xml	4
2026-05-27 19:00:59	Yohananof	Price7290803800003-000-007-20260527-094000.xml	4
2026-05-27 19:00:59	Yohananof	Price7290803800003-000-007-20260527-104000.xml	30
2026-05-27 19:00:59	Yohananof	Price7290803800003-000-007-20260527-114000.xml	30
2026-05-27 19:00:59	Yohananof	Price7290803800003-000-007-20260527-124000.xml	31
2026-05-27 19:01:00	Yohananof	Price7290803800003-000-007-20260527-074000.xml	4
2026-05-27 19:01:00	Yohananof	Price7290803800003-000-007-20260527-084000.xml	4
2026-05-27 19:01:00	Yohananof	Price7290803800003-000-007-20260527-094000.xml	4
2026-05-27 19:01:00	Yohananof	Price7290803800003-000-007-20260527-104000.xml	30
2026-05-27 19:01:00	Yohananof	Price7290803800003-000-007-20260527-114000.xml	30
2026-05-27 19:01:00	Yohananof	Price7290803800003-000-007-20260527-124000.xml	31
2026-05-27 19:03:09	Shufersal	Price7290027600007-001-001-20260527-020000.xml	143
2026-05-27 19:03:10	Shufersal	Price7290027600007-001-002-20260527-020000.xml	182
2026-05-27 19:03:10	Shufersal	Price7290027600007-001-003-20260527-020000.xml	164
2026-05-27 19:03:10	Shufersal	Price7290027600007-001-004-20260527-170000.xml	2
2026-05-27 19:03:10	Shufersal	Price7290027600007-001-005-20260527-170000.xml	1
2026-05-27 19:03:10	Shufersal	Price7290027600007-001-007-20260527-170000.xml	1
2026-05-27 19:03:10	Shufersal	Price7290027600007-001-009-20260527-020000.xml	164
2026-05-27 19:03:10	Shufersal	Price7290027600007-001-011-20260527-020000.xml	148
2026-05-27 19:03:10	Shufersal	Price7290027600007-001-017-20260527-170000.xml	2
2026-05-27 19:03:10	Shufersal	Price7290027600007-001-019-20260527-020000.xml	148
2026-05-27 19:03:10	Shufersal	Price7290027600007-001-020-20260527-170000.xml	2
2026-05-27 19:03:10	Shufersal	Price7290027600007-001-022-20260527-170000.xml	1
2026-05-27 19:03:10	Shufersal	Price7290027600007-001-023-20260527-020000.xml	200
2026-05-27 19:03:10	Shufersal	Price7290027600007-001-024-20260527-020000.xml	171
2026-05-27 19:03:10	Shufersal	Price7290027600007-001-027-20260527-020000.xml	106
2026-05-27 19:03:10	Shufersal	Price7290027600007-001-028-20260527-020000.xml	160
2026-05-27 19:03:10	Shufersal	Price7290027600007-001-030-20260527-170000.xml	2
2026-05-27 19:03:10	Shufersal	Price7290027600007-001-032-20260527-170000.xml	1
2026-05-27 19:03:10	Shufersal	Price7290027600007-001-033-20260527-170000.xml	3
2026-05-27 19:03:10	Shufersal	Price7290027600007-001-034-20260527-170000.xml	1
2026-05-27 19:03:10	Shufersal	Price7290027600007-001-036-20260527-020000.xml	157
2026-05-27 19:03:10	Shufersal	Price7290027600007-001-038-20260527-020000.xml	158
2026-05-27 19:03:10	Shufersal	Price7290027600007-001-039-20260527-170000.xml	9
2026-05-27 19:03:10	Shufersal	Price7290027600007-001-040-20260527-020000.xml	107
2026-05-27 19:03:10	Shufersal	Price7290027600007-001-042-20260527-020000.xml	204
2026-05-27 19:03:10	Shufersal	Price7290027600007-001-043-20260527-020000.xml	175
2026-05-27 19:03:10	Shufersal	Price7290027600007-001-050-20260527-170000.xml	1
2026-05-27 19:03:10	Shufersal	Price7290027600007-001-057-20260527-170000.xml	3
2026-05-27 19:03:10	Shufersal	Price7290027600007-001-069-20260527-020000.xml	235
2026-05-27 19:03:10	Shufersal	Price7290027600007-001-070-20260527-170000.xml	2
2026-05-27 19:03:10	HaziHinam	Price7290700100008-000-201-20260527-161310.gz.xml.xml	28
2026-05-27 19:03:10	HaziHinam	Price7290700100008-000-201-20260527-181312.gz.xml.xml	7
2026-05-27 19:03:10	HaziHinam	Price7290700100008-000-202-20260527-162213.gz.xml.xml	29
2026-05-27 19:03:10	HaziHinam	Price7290700100008-000-202-20260527-172214.gz.xml.xml	12
2026-05-27 19:03:10	HaziHinam	Price7290700100008-000-202-20260527-182227.gz.xml.xml	10
2026-05-27 19:03:10	HaziHinam	Price7290700100008-000-203-20260527-164904.gz.xml.xml	3
2026-05-27 19:03:10	HaziHinam	Price7290700100008-000-204-20260527-161914.gz.xml.xml	47
2026-05-27 19:03:10	HaziHinam	Price7290700100008-000-204-20260527-171915.gz.xml.xml	9
2026-05-27 19:03:10	HaziHinam	Price7290700100008-000-204-20260527-181916.gz.xml.xml	8
2026-05-27 19:03:10	HaziHinam	Price7290700100008-000-205-20260527-161108.gz.xml.xml	40
2026-05-27 19:03:10	HaziHinam	Price7290700100008-000-205-20260527-171109.gz.xml.xml	14
2026-05-27 19:03:10	HaziHinam	Price7290700100008-000-205-20260527-181110.gz.xml.xml	8
2026-05-27 19:03:10	HaziHinam	Price7290700100008-000-206-20260527-160208.gz.xml.xml	52
2026-05-27 19:03:11	HaziHinam	Price7290700100008-000-206-20260527-170209.gz.xml.xml	29
2026-05-27 19:03:11	HaziHinam	Price7290700100008-000-207-20260527-160804.gz.xml.xml	10
2026-05-27 19:03:11	HaziHinam	Price7290700100008-000-207-20260527-170805.gz.xml.xml	1
2026-05-27 19:03:11	HaziHinam	Price7290700100008-000-208-20260527-163715.gz.xml.xml	22
2026-05-27 19:03:11	HaziHinam	Price7290700100008-000-209-20260527-165114.gz.xml.xml	10
2026-05-27 19:03:11	HaziHinam	Price7290700100008-000-209-20260527-185116.gz.xml.xml	12
2026-05-27 19:03:11	HaziHinam	Price7290700100008-000-210-20260527-160423.gz.xml.xml	9
2026-05-27 19:03:11	HaziHinam	Price7290700100008-000-210-20260527-170424.gz.xml.xml	1
2026-05-27 19:03:11	HaziHinam	Price7290700100008-000-217-20260527-162528.gz.xml.xml	2
2026-05-27 19:03:11	HaziHinam	Price7290700100008-000-219-20260527-160608.gz.xml.xml	3
2026-05-27 19:03:11	HaziHinam	Price7290700100008-000-219-20260527-170610.gz.xml.xml	1
2026-05-27 19:03:11	HaziHinam	PriceFull7290700100008-000-103-20260527-185201.gz.xml.xml	8165
2026-05-27 19:03:22	Keshet	Price7290785400000-001-014-20260527-080008.xml	4
2026-05-27 19:03:22	Keshet	Price7290785400000-001-021-20260527-060000.xml	1
2026-05-27 19:03:22	Keshet	Price7290785400000-001-021-20260527-090010.xml	7
2026-05-27 19:03:22	Keshet	Price7290785400000-002-202605270800.xml	1
2026-05-27 19:03:22	Keshet	Price7290785400000-002-202605270900.xml	4
2026-05-27 19:03:22	Keshet	Price7290785400000-002-202605271828.xml	12
2026-05-27 19:03:22	Keshet	Price7290785400000-003-202605270800.xml	3
2026-05-27 19:03:22	Keshet	Price7290785400000-003-202605270900.xml	6
2026-05-27 19:03:22	Keshet	Price7290785400000-003-202605271300.xml	7
2026-05-27 19:03:22	Keshet	Price7290785400000-003-202605271600.xml	13
2026-05-27 19:03:22	Keshet	Price7290785400000-003-202605271800.xml	22
2026-05-27 19:03:22	Keshet	Price7290785400000-004-202605270700.xml	2
2026-05-27 19:03:22	Keshet	Price7290785400000-004-202605270800.xml	5
2026-05-27 19:03:22	Keshet	Price7290785400000-004-202605270900.xml	6
2026-05-27 19:03:22	Keshet	Price7290785400000-004-202605271100.xml	13
2026-05-27 19:03:22	Keshet	Price7290785400000-004-202605271700.xml	22
2026-05-27 19:03:22	Keshet	Price7290785400000-005-202605270800.xml	2
2026-05-27 19:03:22	Keshet	Price7290785400000-005-202605270900.xml	7
2026-05-27 19:03:22	Keshet	Price7290785400000-005-202605271300.xml	7
2026-05-27 19:03:22	Keshet	Price7290785400000-005-202605271600.xml	12
2026-05-27 19:03:22	Keshet	Price7290785400000-005-202605271800.xml	24
2026-05-27 19:03:22	Keshet	Price7290785400000-008-202605270800.xml	2
2026-05-27 19:03:22	Keshet	Price7290785400000-008-202605270900.xml	4
2026-05-27 19:03:22	Keshet	Price7290785400000-008-202605271000.xml	5
2026-05-27 19:03:22	Keshet	Price7290785400000-008-202605271100.xml	6
2026-05-27 19:03:22	Keshet	Price7290785400000-008-202605271200.xml	9
2026-05-27 19:03:22	Keshet	Price7290785400000-008-202605271300.xml	10
2026-05-27 19:03:22	Keshet	Price7290785400000-008-202605271800.xml	16
2026-05-27 19:03:22	Keshet	Price7290785400000-010-202605270800.xml	1
2026-05-27 19:03:22	Keshet	Price7290785400000-010-202605270900.xml	2
2026-05-27 19:03:22	Keshet	Price7290785400000-011-202605270700.xml	2
2026-05-27 19:03:22	RamiLevy	Price7290058140886-001-044-20260527-070846.xml	1065
2026-05-27 19:03:22	RamiLevy	Price7290058140886-001-044-20260527-080016.xml	458
2026-05-27 19:03:22	RamiLevy	Price7290058140886-001-044-20260527-090006.xml	458
2026-05-27 19:03:22	Osherad	Price7290103152017-001-001-20260527-090007.xml	252
2026-05-27 19:03:22	Osherad	Price7290103152017-001-001-20260527-100018.xml	253
2026-05-27 19:03:22	Osherad	Price7290103152017-001-001-20260527-110008.xml	255
2026-05-27 19:03:22	Yohananof	Price7290803800003-000-007-20260527-074000.xml	4
2026-05-27 19:03:22	Yohananof	Price7290803800003-000-007-20260527-084000.xml	4
2026-05-27 19:03:22	Yohananof	Price7290803800003-000-007-20260527-094000.xml	4
2026-05-27 19:03:22	Yohananof	Price7290803800003-000-007-20260527-104000.xml	30
2026-05-27 19:03:22	Yohananof	Price7290803800003-000-007-20260527-114000.xml	30
2026-05-27 19:03:22	Yohananof	Price7290803800003-000-007-20260527-124000.xml	31
2026-05-27 19:10:39	Shufersal	Price7290027600007-001-001-20260527-020000.xml	143
2026-05-27 19:10:39	Shufersal	Price7290027600007-001-002-20260527-020000.xml	182
2026-05-27 19:10:39	Shufersal	Price7290027600007-001-003-20260527-020000.xml	164
2026-05-27 19:10:39	Shufersal	Price7290027600007-001-004-20260527-170000.xml	2
2026-05-27 19:10:39	Shufersal	Price7290027600007-001-005-20260527-170000.xml	1
2026-05-27 19:10:39	Shufersal	Price7290027600007-001-007-20260527-170000.xml	1
2026-05-27 19:10:39	Shufersal	Price7290027600007-001-009-20260527-020000.xml	164
2026-05-27 19:10:39	Shufersal	Price7290027600007-001-011-20260527-020000.xml	148
2026-05-27 19:10:39	Shufersal	Price7290027600007-001-017-20260527-170000.xml	2
2026-05-27 19:10:39	Shufersal	Price7290027600007-001-019-20260527-020000.xml	148
2026-05-27 19:10:39	Shufersal	Price7290027600007-001-020-20260527-170000.xml	2
2026-05-27 19:10:39	Shufersal	Price7290027600007-001-022-20260527-170000.xml	1
2026-05-27 19:10:39	Shufersal	Price7290027600007-001-023-20260527-020000.xml	200
2026-05-27 19:10:39	Shufersal	Price7290027600007-001-024-20260527-020000.xml	171
2026-05-27 19:10:39	Shufersal	Price7290027600007-001-027-20260527-020000.xml	106
2026-05-27 19:10:39	Shufersal	Price7290027600007-001-028-20260527-020000.xml	160
2026-05-27 19:10:39	Shufersal	Price7290027600007-001-030-20260527-170000.xml	2
2026-05-27 19:10:39	Shufersal	Price7290027600007-001-032-20260527-170000.xml	1
2026-05-27 19:10:39	Shufersal	Price7290027600007-001-033-20260527-170000.xml	3
2026-05-27 19:10:39	Shufersal	Price7290027600007-001-034-20260527-170000.xml	1
2026-05-27 19:10:39	Shufersal	Price7290027600007-001-036-20260527-020000.xml	157
2026-05-27 19:10:39	Shufersal	Price7290027600007-001-038-20260527-020000.xml	158
2026-05-27 19:10:39	Shufersal	Price7290027600007-001-039-20260527-170000.xml	9
2026-05-27 19:10:39	Shufersal	Price7290027600007-001-040-20260527-020000.xml	107
2026-05-27 19:10:39	Shufersal	Price7290027600007-001-042-20260527-020000.xml	204
2026-05-27 19:10:40	Shufersal	Price7290027600007-001-043-20260527-020000.xml	175
2026-05-27 19:10:40	Shufersal	Price7290027600007-001-050-20260527-170000.xml	1
2026-05-27 19:10:40	Shufersal	Price7290027600007-001-057-20260527-170000.xml	3
2026-05-27 19:10:40	Shufersal	Price7290027600007-001-069-20260527-020000.xml	235
2026-05-27 19:10:40	Shufersal	Price7290027600007-001-070-20260527-170000.xml	2
2026-05-27 19:10:40	HaziHinam	Price7290700100008-000-201-20260527-161310.gz.xml.xml	28
2026-05-27 19:10:40	HaziHinam	Price7290700100008-000-201-20260527-181312.gz.xml.xml	7
2026-05-27 19:10:40	HaziHinam	Price7290700100008-000-202-20260527-162213.gz.xml.xml	29
2026-05-27 19:10:40	HaziHinam	Price7290700100008-000-202-20260527-172214.gz.xml.xml	12
2026-05-27 19:10:40	HaziHinam	Price7290700100008-000-202-20260527-182227.gz.xml.xml	10
2026-05-27 19:10:40	HaziHinam	Price7290700100008-000-203-20260527-164904.gz.xml.xml	3
2026-05-27 19:10:40	HaziHinam	Price7290700100008-000-204-20260527-161914.gz.xml.xml	47
2026-05-27 19:10:40	HaziHinam	Price7290700100008-000-204-20260527-171915.gz.xml.xml	9
2026-05-27 19:10:40	HaziHinam	Price7290700100008-000-204-20260527-181916.gz.xml.xml	8
2026-05-27 19:10:40	HaziHinam	Price7290700100008-000-205-20260527-161108.gz.xml.xml	40
2026-05-27 19:10:40	HaziHinam	Price7290700100008-000-205-20260527-171109.gz.xml.xml	14
2026-05-27 19:10:40	HaziHinam	Price7290700100008-000-205-20260527-181110.gz.xml.xml	8
2026-05-27 19:10:40	HaziHinam	Price7290700100008-000-206-20260527-160208.gz.xml.xml	52
2026-05-27 19:10:40	HaziHinam	Price7290700100008-000-206-20260527-170209.gz.xml.xml	29
2026-05-27 19:10:40	HaziHinam	Price7290700100008-000-207-20260527-160804.gz.xml.xml	10
2026-05-27 19:10:40	HaziHinam	Price7290700100008-000-207-20260527-170805.gz.xml.xml	1
2026-05-27 19:10:40	HaziHinam	Price7290700100008-000-208-20260527-163715.gz.xml.xml	22
2026-05-27 19:10:40	HaziHinam	Price7290700100008-000-209-20260527-165114.gz.xml.xml	10
2026-05-27 19:10:40	HaziHinam	Price7290700100008-000-209-20260527-185116.gz.xml.xml	12
2026-05-27 19:10:40	HaziHinam	Price7290700100008-000-210-20260527-160423.gz.xml.xml	9
2026-05-27 19:10:40	HaziHinam	Price7290700100008-000-210-20260527-170424.gz.xml.xml	1
2026-05-27 19:10:40	HaziHinam	Price7290700100008-000-217-20260527-162528.gz.xml.xml	2
2026-05-27 19:10:40	HaziHinam	Price7290700100008-000-219-20260527-160608.gz.xml.xml	3
2026-05-27 19:10:40	HaziHinam	Price7290700100008-000-219-20260527-170610.gz.xml.xml	1
2026-05-27 19:10:40	HaziHinam	PriceFull7290700100008-000-103-20260527-185201.gz.xml.xml	8165
2026-05-27 19:10:52	Keshet	Price7290785400000-001-014-20260527-080008.xml	4
2026-05-27 19:10:52	Keshet	Price7290785400000-001-021-20260527-060000.xml	1
2026-05-27 19:10:52	Keshet	Price7290785400000-001-021-20260527-090010.xml	7
2026-05-27 19:10:52	Keshet	Price7290785400000-002-202605270800.xml	1
2026-05-27 19:10:52	Keshet	Price7290785400000-002-202605270900.xml	4
2026-05-27 19:10:52	Keshet	Price7290785400000-002-202605271828.xml	12
2026-05-27 19:10:52	Keshet	Price7290785400000-003-202605270800.xml	3
2026-05-27 19:10:52	Keshet	Price7290785400000-003-202605270900.xml	6
2026-05-27 19:10:52	Keshet	Price7290785400000-003-202605271300.xml	7
2026-05-27 19:10:52	Keshet	Price7290785400000-003-202605271600.xml	13
2026-05-27 19:10:52	Keshet	Price7290785400000-003-202605271800.xml	22
2026-05-27 19:10:52	Keshet	Price7290785400000-004-202605270700.xml	2
2026-05-27 19:10:52	Keshet	Price7290785400000-004-202605270800.xml	5
2026-05-27 19:10:52	Keshet	Price7290785400000-004-202605270900.xml	6
2026-05-27 19:10:52	Keshet	Price7290785400000-004-202605271100.xml	13
2026-05-27 19:10:52	Keshet	Price7290785400000-004-202605271700.xml	22
2026-05-27 19:10:52	Keshet	Price7290785400000-005-202605270800.xml	2
2026-05-27 19:10:52	Keshet	Price7290785400000-005-202605270900.xml	7
2026-05-27 19:10:52	Keshet	Price7290785400000-005-202605271300.xml	7
2026-05-27 19:10:52	Keshet	Price7290785400000-005-202605271600.xml	12
2026-05-27 19:10:52	Keshet	Price7290785400000-005-202605271800.xml	24
2026-05-27 19:10:52	Keshet	Price7290785400000-008-202605270800.xml	2
2026-05-27 19:10:52	Keshet	Price7290785400000-008-202605270900.xml	4
2026-05-27 19:10:52	Keshet	Price7290785400000-008-202605271000.xml	5
2026-05-27 19:10:52	Keshet	Price7290785400000-008-202605271100.xml	6
2026-05-27 19:10:52	Keshet	Price7290785400000-008-202605271200.xml	9
2026-05-27 19:10:52	Keshet	Price7290785400000-008-202605271300.xml	10
2026-05-27 19:10:52	Keshet	Price7290785400000-008-202605271800.xml	16
2026-05-27 19:10:52	Keshet	Price7290785400000-010-202605270800.xml	1
2026-05-27 19:10:52	Keshet	Price7290785400000-010-202605270900.xml	2
2026-05-27 19:10:52	Keshet	Price7290785400000-011-202605270700.xml	2
2026-05-27 19:10:53	RamiLevy	Price7290058140886-001-044-20260527-070846.xml	1065
2026-05-27 19:10:53	RamiLevy	Price7290058140886-001-044-20260527-080016.xml	458
2026-05-27 19:10:53	RamiLevy	Price7290058140886-001-044-20260527-090006.xml	458
2026-05-27 19:10:53	Osherad	Price7290103152017-001-001-20260527-090007.xml	252
2026-05-27 19:10:53	Osherad	Price7290103152017-001-001-20260527-100018.xml	253
2026-05-27 19:10:53	Osherad	Price7290103152017-001-001-20260527-110008.xml	255
2026-05-27 19:11:03	Yohananof	Price7290803800003-000-007-20260527-074000.xml	4
2026-05-27 19:11:03	Yohananof	Price7290803800003-000-007-20260527-084000.xml	4
2026-05-27 19:11:03	Yohananof	Price7290803800003-000-007-20260527-094000.xml	4
2026-05-27 19:11:03	Yohananof	Price7290803800003-000-007-20260527-104000.xml	30
2026-05-27 19:11:03	Yohananof	Price7290803800003-000-007-20260527-114000.xml	30
2026-05-27 19:11:03	Yohananof	Price7290803800003-000-007-20260527-124000.xml	31
2026-05-27 19:11:03	Yohananof	Price7290803800003-000-007-20260527-134000.xml	31
2026-05-27 19:11:03	Yohananof	Price7290803800003-000-007-20260527-144000.xml	31
2026-05-27 20:21:11	Shufersal	Price7290027600007-001-001-20260527-020000.xml	143
2026-05-27 20:21:11	Shufersal	Price7290027600007-001-002-20260527-020000.xml	182
2026-05-27 20:21:11	Shufersal	Price7290027600007-001-003-20260527-020000.xml	164
2026-05-27 20:21:11	Shufersal	Price7290027600007-001-004-20260527-170000.xml	2
2026-05-27 20:21:11	Shufersal	Price7290027600007-001-005-20260527-170000.xml	1
2026-05-27 20:21:11	Shufersal	Price7290027600007-001-007-20260527-170000.xml	1
2026-05-27 20:21:11	Shufersal	Price7290027600007-001-009-20260527-020000.xml	164
2026-05-27 20:21:12	Shufersal	Price7290027600007-001-011-20260527-020000.xml	148
2026-05-27 20:21:12	Shufersal	Price7290027600007-001-017-20260527-170000.xml	2
2026-05-27 20:21:12	Shufersal	Price7290027600007-001-019-20260527-020000.xml	148
2026-05-27 20:21:12	Shufersal	Price7290027600007-001-020-20260527-170000.xml	2
2026-05-27 20:21:12	Shufersal	Price7290027600007-001-022-20260527-170000.xml	1
2026-05-27 20:21:12	Shufersal	Price7290027600007-001-023-20260527-020000.xml	200
2026-05-27 20:21:12	Shufersal	Price7290027600007-001-024-20260527-020000.xml	171
2026-05-27 20:21:12	Shufersal	Price7290027600007-001-027-20260527-020000.xml	106
2026-05-27 20:21:12	Shufersal	Price7290027600007-001-028-20260527-020000.xml	160
2026-05-27 20:21:12	Shufersal	Price7290027600007-001-030-20260527-170000.xml	2
2026-05-27 20:21:12	Shufersal	Price7290027600007-001-032-20260527-170000.xml	1
2026-05-27 20:21:12	Shufersal	Price7290027600007-001-033-20260527-170000.xml	3
2026-05-27 20:21:12	Shufersal	Price7290027600007-001-034-20260527-170000.xml	1
2026-05-27 20:21:12	Shufersal	Price7290027600007-001-036-20260527-020000.xml	157
2026-05-27 20:21:12	Shufersal	Price7290027600007-001-038-20260527-020000.xml	158
2026-05-27 20:21:12	Shufersal	Price7290027600007-001-039-20260527-170000.xml	9
2026-05-27 20:21:12	Shufersal	Price7290027600007-001-040-20260527-020000.xml	107
2026-05-27 20:21:12	Shufersal	Price7290027600007-001-042-20260527-020000.xml	204
2026-05-27 20:21:12	Shufersal	Price7290027600007-001-043-20260527-020000.xml	175
2026-05-27 20:21:12	Shufersal	Price7290027600007-001-050-20260527-170000.xml	1
2026-05-27 20:21:12	Shufersal	Price7290027600007-001-057-20260527-170000.xml	3
2026-05-27 20:21:12	Shufersal	Price7290027600007-001-069-20260527-020000.xml	235
2026-05-27 20:21:12	Shufersal	Price7290027600007-001-070-20260527-170000.xml	2
2026-05-27 20:21:12	HaziHinam	Price7290700100008-000-201-20260527-161310.gz.xml.xml	28
2026-05-27 20:21:12	HaziHinam	Price7290700100008-000-201-20260527-181312.gz.xml.xml	7
2026-05-27 20:21:12	HaziHinam	Price7290700100008-000-202-20260527-162213.gz.xml.xml	29
2026-05-27 20:21:12	HaziHinam	Price7290700100008-000-202-20260527-172214.gz.xml.xml	12
2026-05-27 20:21:12	HaziHinam	Price7290700100008-000-202-20260527-182227.gz.xml.xml	10
2026-05-27 20:21:12	HaziHinam	Price7290700100008-000-203-20260527-164904.gz.xml.xml	3
2026-05-27 20:21:12	HaziHinam	Price7290700100008-000-204-20260527-161914.gz.xml.xml	47
2026-05-27 20:21:13	HaziHinam	Price7290700100008-000-204-20260527-171915.gz.xml.xml	9
2026-05-27 20:21:13	HaziHinam	Price7290700100008-000-204-20260527-181916.gz.xml.xml	8
2026-05-27 20:21:13	HaziHinam	Price7290700100008-000-205-20260527-161108.gz.xml.xml	40
2026-05-27 20:21:13	HaziHinam	Price7290700100008-000-205-20260527-171109.gz.xml.xml	14
2026-05-27 20:21:13	HaziHinam	Price7290700100008-000-205-20260527-181110.gz.xml.xml	8
2026-05-27 20:21:13	HaziHinam	Price7290700100008-000-206-20260527-160208.gz.xml.xml	52
2026-05-27 20:21:13	HaziHinam	Price7290700100008-000-206-20260527-170209.gz.xml.xml	29
2026-05-27 20:21:13	HaziHinam	Price7290700100008-000-207-20260527-160804.gz.xml.xml	10
2026-05-27 20:21:13	HaziHinam	Price7290700100008-000-207-20260527-170805.gz.xml.xml	1
2026-05-27 20:21:13	HaziHinam	Price7290700100008-000-208-20260527-163715.gz.xml.xml	22
2026-05-27 20:21:13	HaziHinam	Price7290700100008-000-209-20260527-165114.gz.xml.xml	10
2026-05-27 20:21:13	HaziHinam	Price7290700100008-000-209-20260527-185116.gz.xml.xml	12
2026-05-27 20:21:13	HaziHinam	Price7290700100008-000-210-20260527-160423.gz.xml.xml	9
2026-05-27 20:21:13	HaziHinam	Price7290700100008-000-210-20260527-170424.gz.xml.xml	1
2026-05-27 20:21:13	HaziHinam	Price7290700100008-000-217-20260527-162528.gz.xml.xml	2
2026-05-27 20:21:13	HaziHinam	Price7290700100008-000-219-20260527-160608.gz.xml.xml	3
2026-05-27 20:21:13	HaziHinam	Price7290700100008-000-219-20260527-170610.gz.xml.xml	1
2026-05-27 20:21:13	HaziHinam	PriceFull7290700100008-000-103-20260527-185201.gz.xml.xml	8165
2026-05-27 20:21:24	YaynotBitanAndCarrefour	Price7290055700007-001-012-20260527-070008.xml	598
2026-05-27 20:21:26	Keshet	Price7290785400000-001-014-20260527-080008.xml	4
2026-05-27 20:21:26	Keshet	Price7290785400000-001-021-20260527-060000.xml	1
2026-05-27 20:21:26	Keshet	Price7290785400000-001-021-20260527-090010.xml	7
2026-05-27 20:21:26	Keshet	Price7290785400000-002-202605270800.xml	1
2026-05-27 20:21:26	Keshet	Price7290785400000-002-202605270900.xml	4
2026-05-27 20:21:26	Keshet	Price7290785400000-002-202605271828.xml	12
2026-05-27 20:21:26	Keshet	Price7290785400000-003-202605270800.xml	3
2026-05-27 20:21:26	Keshet	Price7290785400000-003-202605270900.xml	6
2026-05-27 20:21:26	Keshet	Price7290785400000-003-202605271300.xml	7
2026-05-27 20:21:26	Keshet	Price7290785400000-003-202605271600.xml	13
2026-05-27 20:21:26	Keshet	Price7290785400000-003-202605271800.xml	22
2026-05-27 20:21:26	Keshet	Price7290785400000-004-202605270700.xml	2
2026-05-27 20:21:26	Keshet	Price7290785400000-004-202605270800.xml	5
2026-05-27 20:21:26	Keshet	Price7290785400000-004-202605270900.xml	6
2026-05-27 20:21:26	Keshet	Price7290785400000-004-202605271100.xml	13
2026-05-27 20:21:26	Keshet	Price7290785400000-004-202605271700.xml	22
2026-05-27 20:21:26	Keshet	Price7290785400000-005-202605270800.xml	2
2026-05-27 20:21:26	Keshet	Price7290785400000-005-202605270900.xml	7
2026-05-27 20:21:26	Keshet	Price7290785400000-005-202605271300.xml	7
2026-05-27 20:21:26	Keshet	Price7290785400000-005-202605271600.xml	12
2026-05-27 20:21:26	Keshet	Price7290785400000-005-202605271800.xml	24
2026-05-27 20:21:26	Keshet	Price7290785400000-008-202605270800.xml	2
2026-05-27 20:21:26	Keshet	Price7290785400000-008-202605270900.xml	4
2026-05-27 20:21:26	Keshet	Price7290785400000-008-202605271000.xml	5
2026-05-27 20:21:26	Keshet	Price7290785400000-008-202605271100.xml	6
2026-05-27 20:21:26	Keshet	Price7290785400000-008-202605271200.xml	9
2026-05-27 20:21:26	Keshet	Price7290785400000-008-202605271300.xml	10
2026-05-27 20:21:26	Keshet	Price7290785400000-008-202605271800.xml	16
2026-05-27 20:21:26	Keshet	Price7290785400000-010-202605270800.xml	1
2026-05-27 20:21:26	Keshet	Price7290785400000-010-202605270900.xml	2
2026-05-27 20:21:26	Keshet	Price7290785400000-011-202605270700.xml	2
2026-05-27 20:21:26	Keshet	Price7290785400000-013-202605270900.xml	11
2026-05-27 20:21:27	Keshet	Price7290785400000-013-202605271700.xml	16
2026-05-27 20:21:27	Keshet	Price7290785400000-013-202605271800.xml	27
2026-05-27 20:21:27	Keshet	Price7290785400000-015-202605270800.xml	2
2026-05-27 20:21:27	Keshet	Price7290785400000-015-202605270900.xml	6
2026-05-27 20:21:27	RamiLevy	Price7290058140886-001-044-20260527-070846.xml	1065
2026-05-27 20:21:27	RamiLevy	Price7290058140886-001-044-20260527-080016.xml	458
2026-05-27 20:21:27	RamiLevy	Price7290058140886-001-044-20260527-090006.xml	458
2026-05-27 20:21:27	Osherad	Price7290103152017-001-001-20260527-090007.xml	252
2026-05-27 20:21:27	Osherad	Price7290103152017-001-001-20260527-100018.xml	253
2026-05-27 20:21:27	Osherad	Price7290103152017-001-001-20260527-110008.xml	255
2026-05-27 20:21:37	Yohananof	Price7290803800003-000-007-20260527-074000.xml	4
2026-05-27 20:21:37	Yohananof	Price7290803800003-000-007-20260527-084000.xml	4
2026-05-27 20:21:37	Yohananof	Price7290803800003-000-007-20260527-094000.xml	4
2026-05-27 20:21:37	Yohananof	Price7290803800003-000-007-20260527-104000.xml	30
2026-05-27 20:21:37	Yohananof	Price7290803800003-000-007-20260527-114000.xml	30
2026-05-27 20:21:37	Yohananof	Price7290803800003-000-007-20260527-124000.xml	31
2026-05-27 20:21:37	Yohananof	Price7290803800003-000-007-20260527-134000.xml	31
2026-05-27 20:21:37	Yohananof	Price7290803800003-000-007-20260527-144000.xml	31
2026-05-27 20:21:37	Yohananof	Price7290803800003-000-007-20260527-154000.xml	31
2026-05-27 20:21:37	Yohananof	Price7290803800003-000-007-20260527-164000.xml	31
2026-05-27 20:21:37	Yohananof	Price7290803800003-000-007-20260527-174000.xml	33
2026-05-27 20:21:37	Yohananof	Price7290803800003-000-007-20260527-184000.xml	33
2026-05-27 20:21:37	Yohananof	Price7290803800003-000-007-20260527-194000.xml	33
